Drill report for Buck_Converter.kicad_pcb
Created on 2026-09-05T18:49:55

Copper Layer Stackup:
    =============================================================
    L1 :  F.Cu                      front
    L2 :  B.Cu                      back


Drill file 'Buck_Converter-PTH.drl' contains
    plated through holes:
    =============================================================
    T1  0.800mm  0.0315"  (4 holes))
    T2  1.000mm  0.0394"  (2 holes))
    T3  1.100mm  0.0433"  (5 holes))
    T4  1.200mm  0.0472"  (2 holes))
    T5  1.300mm  0.0512"  (4 holes))
    T6  1.600mm  0.0630"  (2 holes))

    Total plated holes count 19


Drill file 'Buck_Converter-NPTH.drl' contains
    unplated through holes:
    =============================================================
    T1  3.200mm  0.1260"  (4 holes))

    Total unplated holes count 4
